exp 06 (2026-06-24) — K=5 single-phase calibration, N_DRAWS=20, weighted GoF + extinction penalty
  wrote 20 priors
  100 sims on 60 workers...
    [ 20/100] 447s
    [ 40/100] 467s
    [ 60/100] 506s
    [ 80/100] 874s
    [100/100] 891s
  done in 891s
  100/100 sims ok
  wrote /home/robyn/sti_notification/experiments/06_2026-06-24_kseed_calibration/outputs/per_draw_means.csv
  wrote /home/robyn/sti_notification/experiments/06_2026-06-24_kseed_calibration/outputs/timeseries.parquet (22400 rows)
  wrote /home/robyn/sti_notification/experiments/06_2026-06-24_kseed_calibration/outputs/snapshots.parquet (5760 rows)

=== GoF distribution ===
 draw_idx      mae  n_fully_extinct        gof  retention_rank
        0 1.178452                1 101.178452              15
        1 3.175678                0   3.175678               7
        2 3.450509                0   3.450509               9
        3 3.812081                0   3.812081              10
        4 4.211740                1 104.211740              19
        5 4.769468                0   4.769468              12
        6 2.256409                0   2.256409               5
        7 1.410837                0   1.410837               2
        8 4.925988                0   4.925988              13
        9 3.727248                1 103.727248              17
       10 2.985929                0   2.985929               6
       11 2.010528                1 102.010528              16
       12 1.445475                0   1.445475               3
       13 1.007045                0   1.007045               1
       14 5.761947                1 105.761947              20
       15 5.788654                0   5.788654              14
       16 4.203333                0   4.203333              11
       17 1.800159                0   1.800159               4
       18 3.203931                0   3.203931               8
       19 4.048072                1 104.048072              18
