exp 06 (2026-06-24) — K=5 single-phase calibration, N_DRAWS=500, weighted GoF + extinction penalty
  wrote 500 priors
  2500 sims on 60 workers...
    [ 20/2500] 933s
    [ 40/2500] 985s
    [ 60/2500] 1116s
    [ 80/2500] 1902s
    [100/2500] 1947s
    [120/2500] 2204s
    [140/2500] 2858s
    [160/2500] 2932s
    [180/2500] 3239s
    [200/2500] 3803s
    [220/2500] 3912s
    [240/2500] 4276s
    [260/2500] 4854s
    [280/2500] 4989s
    [300/2500] 5312s
    [320/2500] 5838s
    [340/2500] 5990s
    [360/2500] 6344s
    [380/2500] 6866s
    [400/2500] 7009s
    [420/2500] 7319s
    [440/2500] 7868s
    [460/2500] 8053s
    [480/2500] 8322s
    [500/2500] 8835s
    [520/2500] 9084s
    [540/2500] 9328s
    [560/2500] 9854s
    [580/2500] 10091s
    [600/2500] 10447s
    [620/2500] 10778s
    [640/2500] 10957s
    [660/2500] 11270s
    [680/2500] 11619s
    [700/2500] 11823s
    [720/2500] 12118s
    [740/2500] 12429s
    [760/2500] 12655s
    [780/2500] 12970s
    [800/2500] 13277s
    [820/2500] 13492s
    [840/2500] 13793s
    [860/2500] 13979s
    [880/2500] 14198s
    [900/2500] 14382s
    [920/2500] 14513s
    [940/2500] 14710s
    [960/2500] 15008s
    [980/2500] 15348s
    [1000/2500] 15557s
    [1020/2500] 15872s
    [1040/2500] 16214s
    [1060/2500] 16466s
    [1080/2500] 16780s
    [1100/2500] 17069s
    [1120/2500] 17356s
    [1140/2500] 17713s
    [1160/2500] 17980s
    [1180/2500] 18233s
    [1200/2500] 18565s
    [1220/2500] 18816s
    [1240/2500] 19122s
    [1260/2500] 19451s
    [1280/2500] 19665s
    [1300/2500] 19946s
    [1320/2500] 20277s
    [1340/2500] 20512s
    [1360/2500] 20798s
    [1380/2500] 21127s
    [1400/2500] 21440s
    [1420/2500] 21620s
    [1440/2500] 21981s
    [1460/2500] 22251s
    [1480/2500] 22481s
    [1500/2500] 22839s
    [1520/2500] 23129s
    [1540/2500] 23346s
    [1560/2500] 23630s
    [1580/2500] 23963s
    [1600/2500] 24160s
    [1620/2500] 24500s
    [1640/2500] 24886s
    [1660/2500] 25036s
    [1680/2500] 25459s
    [1700/2500] 25733s
    [1720/2500] 25913s
    [1740/2500] 26346s
    [1760/2500] 26589s
    [1780/2500] 26761s
    [1800/2500] 27165s
    [1820/2500] 27416s
    [1840/2500] 27600s
    [1860/2500] 28024s
    [1880/2500] 28297s
    [1900/2500] 28532s
    [1920/2500] 28885s
    [1940/2500] 29148s
    [1960/2500] 29373s
    [1980/2500] 29714s
    [2000/2500] 30005s
    [2020/2500] 30237s
    [2040/2500] 30617s
    [2060/2500] 30891s
    [2080/2500] 31168s
    [2100/2500] 31498s
    [2120/2500] 31826s
    [2140/2500] 32051s
    [2160/2500] 32341s
    [2180/2500] 32626s
    [2200/2500] 32947s
    [2220/2500] 33199s
    [2240/2500] 33436s
    [2260/2500] 33794s
    [2280/2500] 34119s
    [2300/2500] 34323s
    [2320/2500] 34700s
    [2340/2500] 34986s
    [2360/2500] 35191s
    [2380/2500] 35538s
    [2400/2500] 35852s
    [2420/2500] 36047s
    [2440/2500] 36386s
    [2460/2500] 36702s
    [2480/2500] 36853s
    [2500/2500] 37077s
  done in 37078s
  2500/2500 sims ok
  wrote /home/robyn/sti_notification/experiments/06_2026-06-24_kseed_calibration/outputs/per_draw_means.csv
  wrote /home/robyn/sti_notification/experiments/06_2026-06-24_kseed_calibration/outputs/timeseries.parquet (588000 rows)
  wrote /home/robyn/sti_notification/experiments/06_2026-06-24_kseed_calibration/outputs/snapshots.parquet (144000 rows)

=== GoF distribution ===
 draw_idx      mae  n_fully_extinct        gof  retention_rank
        0 1.105894                1 101.105894             322
        1 2.955019                0   2.955019             135
        2 3.217251                0   3.217251             161
        3 3.537945                0   3.537945             187
        4 3.921722                1 103.921722             443
        5 4.388242                0   4.388242             264
        6 2.099047                0   2.099047              72
        7 1.342668                0   1.342668              30
        8 4.578092                0   4.578092             274
        9 3.453500                1 103.453500             418
       10 2.780265                0   2.780265             119
       11 1.905094                1 101.905094             348
       12 1.344675                0   1.344675              31
       13 0.969255                0   0.969255              11
       14 5.303302                1 105.303302             485
       15 5.350122                0   5.350122             303
       16 3.908043                0   3.908043             215
       17 1.683906                0   1.683906              43
       18 2.994685                0   2.994685             137
       19 3.767228                1 103.767228             436
...
 draw_idx      mae  n_fully_extinct        gof  retention_rank
      495 2.817918                0   2.817918             121
      496 3.452321                0   3.452321             179
      497 2.550693                1 102.550693             369
      498 2.812712                1 102.812712             384
      499 2.898364                0   2.898364             127
