exp 06 (2026-06-24) — K=5 single-phase calibration, N_DRAWS=100, weighted GoF + extinction penalty
  wrote 100 priors
  500 sims on 60 workers...
    [ 20/500] 453s
    [ 40/500] 474s
    [ 60/500] 519s
    [ 80/500] 1156s
    [100/500] 1211s
    [120/500] 1387s
    [140/500] 2110s
    [160/500] 2142s
    [180/500] 2381s
    [200/500] 3015s
    [220/500] 3116s
    [240/500] 3441s
    [260/500] 4004s
    [280/500] 4137s
    [300/500] 4381s
    [320/500] 4977s
    [340/500] 5070s
    [360/500] 5420s
    [380/500] 5924s
    [400/500] 6051s
    [420/500] 6333s
    [440/500] 6870s
    [460/500] 7018s
    [480/500] 7184s
    [500/500] 7619s
  done in 7620s
  500/500 sims ok
  wrote /home/robyn/sti_notification/experiments/06_2026-06-24_kseed_calibration/outputs/per_draw_means.csv
  wrote /home/robyn/sti_notification/experiments/06_2026-06-24_kseed_calibration/outputs/timeseries.parquet (112000 rows)
  wrote /home/robyn/sti_notification/experiments/06_2026-06-24_kseed_calibration/outputs/snapshots.parquet (28800 rows)

=== GoF distribution ===
 draw_idx      mae  n_fully_extinct        gof  retention_rank
        0 1.105894                1 101.105894              72
        1 2.955019                0   2.955019              29
        2 3.217251                0   3.217251              34
        3 3.537945                0   3.537945              41
        4 3.921722                1 103.921722              88
        5 4.388242                0   4.388242              57
        6 2.099047                0   2.099047              19
        7 1.342668                0   1.342668              10
        8 4.578092                0   4.578092              60
        9 3.453500                1 103.453500              85
       10 2.780265                0   2.780265              28
       11 1.905094                1 101.905094              78
       12 1.344675                0   1.344675              11
       13 0.969255                0   0.969255               5
       14 5.303302                1 105.303302              96
       15 5.350122                0   5.350122              69
       16 3.908043                0   3.908043              48
       17 1.683906                0   1.683906              13
       18 2.994685                0   2.994685              30
       19 3.767228                1 103.767228              86
...
 draw_idx      mae  n_fully_extinct        gof  retention_rank
       95 2.545082                1 102.545082              79
       96 4.795229                0   4.795229              65
       97 3.220059                0   3.220059              35
       98 2.302193                0   2.302193              21
       99 3.817138                1 103.817138              87
