[scenarios] 126 cells x 3 draws x 1 seeds = 378 sims | n_agents=10000 | draws=draws_used.csv
  [20/378] 211s eta=3777s ok=20 err=0
  [40/378] 212s eta=1788s ok=40 err=0
  [60/378] 420s eta=2224s ok=60 err=0
  [80/378] 422s eta=1571s ok=80 err=0
  [100/378] 423s eta=1176s ok=100 err=0
  [120/378] 630s eta=1354s ok=120 err=0
  [140/378] 635s eta=1080s ok=140 err=0
  [160/378] 637s eta=868s ok=160 err=0
  [180/378] 842s eta=927s ok=180 err=0
  [200/378] 849s eta=755s ok=200 err=0
  [220/378] 852s eta=612s ok=220 err=0
  [240/378] 1054s eta=606s ok=240 err=0
  [260/378] 1057s eta=480s ok=260 err=0
  [280/378] 1059s eta=371s ok=280 err=0
  [300/378] 1261s eta=328s ok=300 err=0
  [320/378] 1264s eta=229s ok=320 err=0
  [340/378] 1266s eta=141s ok=340 err=0
  [360/378] 1435s eta=72s ok=360 err=0
  [378/378] 1438s eta=0s ok=378 err=0
[scenarios] done in 1438s. ok=378 err=0 -> /home/robyn/sti_notification/results/scenarios.jsonl
  ts -> scenarios_timeseries.parquet: 571536 rows
  snap -> scenarios_snapshots.parquet: 193536 rows
